# wl rp u0 u1 rp_e1 u1_e1 u0_e1 rp_e2 u0_e2 u1_e2 
650.0	0.099993	0.499999	0.100018	0.000293	0.000531	0.000714	0.000503	0.000663	0.000345
500.0	0.099980	0.500014	0.099944	0.000398	0.000240	0.000540	0.000519	0.000361	0.000340
